HI-TECH Software C Compiler 

Linker command line:

--edf=C:\Program Files (x86)\HI-TECH Software\PICC\9.82\dat\en_msgs.txt -cs \
  -h+7seg Controller.sym -z -Q16F876A -ol.obj -M7seg Controller.map -E1 \
  -ACONST=00h-0FFhx32 -ACODE=00h-07FFhx4 -ASTRCODE=00h-01FFFh \
  -AENTRY=00h-0FFhx32 -ASTRING=00h-0FFhx32 -ABANK0=020h-06Fh \
  -ABANK1=0A0h-0EFh -ABANK2=0110h-016Fh -ABANK3=0190h-01EFh \
  -ARAM=020h-06Fh,0A0h-0EFh,0110h-016Fh,0190h-01EFh \
  -AABS1=020h-07Fh,0A0h-0EFh,0110h-016Fh,0190h-01EFh -ACOMMON=070h-07Fh \
  -ASFR0=00h-01Fh -ASFR1=080h-09Fh -ASFR2=0100h-010Fh -ASFR3=0180h-018Fh \
  -preset_vec=00h,intentry=04h,init,end_init -ppowerup=CODE -pfunctab=CODE \
  -ACONFIG=02007h-02007h -pconfig=CONFIG -DCONFIG=2 -AIDLOC=02000h-02003h \
  -pidloc=IDLOC -DIDLOC=2 -AEEDATA=00h-0FFh/02100h -peeprom_data=EEDATA \
  -DEEDATA=2 -DCODE=2 -DSTRCODE=2 -DSTRING=2 -DCONST=2 -DENTRY=2 -k \
  startup.obj 7seg Controller.obj 

Object code version is 3.10

Machine type is 16F876A



                Name                               Link     Load   Length Selector   Space Scale
startup.obj     end_init                             12       12        3        8       0
                reset_vec                             0        0        3        0       0
7seg Controller.obj
                intentry                              4        4        E        8       0
                config                             2007     2007        1     400E       0
                text176                              15       15      1BF        8       0
                text175                             308      308        D        8       0
                text174                             2FB      2FB        D        8       0
                text173                             2D0      2D0       18        8       0
                maintext                            1D4      1D4       DA        8       0
                cstackBANK0                          2A       2A        A       20       1
                cstackCOMMON                         70       70        8       70       1
                inittext                            2E8      2E8       13        8       0
                dataBANK0                            34       34        7       20       1
                bssBANK0                             20       20        A       20       1
                bssCOMMON                            78       78        6       70       1
                cinit                               2AE      2AE       22        8       0
                idataBANK0                          315      315        7        8       0

TOTAL           Name                               Link     Load   Length     Space
        CLASS   CONST          

        CLASS   CODE           
                end_init                             12       12        3         0
                intentry                              4        4        E         0
                reset_vec                             0        0        3         0
                text176                              15       15      1BF         0
                text175                             308      308        D         0
                text174                             2FB      2FB        D         0
                text173                             2D0      2D0       18         0
                maintext                            1D4      1D4       DA         0
                inittext                            2E8      2E8       13         0
                cinit                               2AE      2AE       22         0
                idataBANK0                          315      315        7         0

        CLASS   STRCODE        

        CLASS   ENTRY          

        CLASS   STRING         

        CLASS   BANK0          
                cstackBANK0                          2A       2A        A         1
                dataBANK0                            34       34        7         1
                bssBANK0                             20       20        A         1

        CLASS   BANK1          

        CLASS   BANK2          

        CLASS   BANK3          

        CLASS   RAM            

        CLASS   ABS1           
                abs_s1                               7E       7E        2         1

        CLASS   COMMON         
                cstackCOMMON                         70       70        8         1
                bssCOMMON                            78       78        6         1

        CLASS   SFR0           

        CLASS   SFR1           

        CLASS   SFR2           

        CLASS   SFR3           

        CLASS   CONFIG         
                config                             2007     2007        1         0

        CLASS   IDLOC          

        CLASS   EEDATA         



SEGMENTS        Name                           Load    Length   Top    Selector   Space  Class     Delta

                reset_vec                      000000  000003  000003         0       0  CODE        2
                intentry                       000004  000318  00031C         8       0  CODE        2
                bssBANK0                       000020  00001B  00003B        20       1  BANK0       1
                cstackCOMMON                   000070  00000E  00007E        70       1  COMMON      1
                config                         002007  000001  002008      400E       0  CONFIG      2


UNUSED ADDRESS RANGES

        Name                Unused          Largest block    Delta
        BANK0            003B-006F             35           1
        BANK1            00A0-00EF             50           1
        BANK2            0110-016F             60           1
        BANK3            0190-01EF             60           1
        CODE             0003-0003              1           2
                         031C-1FFF            800
        CONST            0003-0003              1           2
                         031C-1FFF            100
        EEDATA           2100-21FF            100           2
        ENTRY            0003-0003              1           2
                         031C-1FFF            100
        IDLOC            2000-2003              4           2
        RAM              003B-006F             35           1
                         00A0-00EF             50
                         0110-016F             60
                         0190-01EF             60
        SFR0             0000-001F             20           1
        SFR1             0080-009F             20           1
        SFR2             0100-010F             10           1
        SFR3             0180-018F             10           1
        STRCODE          0003-0003              1           2
                         031C-1FFF           1CE4
        STRING           0003-0003              1           2
                         031C-1FFF            100

                                  Symbol Table

??_init               cstackBANK0  002A
??_initTMR2           cstackBANK0  002A
??_initUART           cstackBANK0  002A
??_isr                cstackCOMMON 0070
??_main               cstackBANK0  002A
?_init                cstackCOMMON 0070
?_initTMR2            cstackCOMMON 0070
?_initUART            cstackCOMMON 0070
?_isr                 cstackCOMMON 0070
?_main                cstackCOMMON 0070
_ADCON1               (abs)        009F
_BRGH                 (abs)        04C2
_CARRY                (abs)        0018
_CMCON                (abs)        009C
_CREN                 (abs)        00C4
_EEADR                (abs)        010D
_EECON1               (abs)        018C
_EECON2               (abs)        018D
_EEDATA               (abs)        010C
_FERR                 (abs)        00C2
_GIE                  (abs)        005F
_OERR                 (abs)        00C1
_PEIE                 (abs)        005E
_RA0                  (abs)        0028
_RA1                  (abs)        0029
_RA2                  (abs)        002A
_RA3                  (abs)        002B
_RA5                  (abs)        002D
_RB0                  (abs)        0030
_RB1                  (abs)        0031
_RB2                  (abs)        0032
_RB3                  (abs)        0033
_RB4                  (abs)        0034
_RB5                  (abs)        0035
_RB6                  (abs)        0036
_RB7                  (abs)        0037
_RC0                  (abs)        0038
_RC1                  (abs)        0039
_RC2                  (abs)        003A
_RC3                  (abs)        003B
_RC4                  (abs)        003C
_RC5                  (abs)        003D
_RCIE                 (abs)        0465
_RCIF                 (abs)        0065
_RCREG                (abs)        001A
_RD                   (abs)        0C60
_RX9                  (abs)        00C6
_SPBRG                (abs)        0099
_SPEN                 (abs)        00C7
_SYNC                 (abs)        04C4
_T2CKPS0              (abs)        0090
_T2CKPS1              (abs)        0091
_TMR2                 (abs)        0011
_TMR2IE               (abs)        0461
_TMR2IF               (abs)        0061
_TMR2ON               (abs)        0092
_TOUTPS0              (abs)        0093
_TOUTPS1              (abs)        0094
_TOUTPS2              (abs)        0095
_TOUTPS3              (abs)        0096
_TRISA                (abs)        0085
_TRISB                (abs)        0086
_TRISC                (abs)        0087
_TX9                  (abs)        04C6
_TXEN                 (abs)        04C5
_TXIF                 (abs)        0064
_TXREG                (abs)        0019
_WR                   (abs)        0C61
_WREN                 (abs)        0C62
__Habs1               abs1         0000
__Hbank0              bank0        0000
__Hbank1              bank1        0000
__Hbank2              bank2        0000
__Hbank3              bank3        0000
__HbssBANK0           bssBANK0     0000
__HbssCOMMON          bssCOMMON    0000
__Hcinit              cinit        0000
__Hclrtext            clrtext      0000
__Hcode               code         0000
__Hcommon             common       0000
__Hconfig             config       2008
__HcstackBANK0        cstackBANK0  0000
__HcstackCOMMON       cstackCOMMON 0000
__HdataBANK0          dataBANK0    0000
__Heeprom_data        eeprom_data  0000
__Hend_init           end_init     0015
__Hfunctab            functab      0000
__HidataBANK0         idataBANK0   0000
__Hidloc              idloc        0000
__Hinit               init         0012
__Hinittext           inittext     0000
__Hintentry           intentry     0012
__Hmaintext           maintext     0000
__Hpowerup            powerup      0000
__Hram                ram          0000
__Hreset_vec          reset_vec    0003
__Hsfr0               sfr0         0000
__Hsfr1               sfr1         0000
__Hsfr2               sfr2         0000
__Hsfr3               sfr3         0000
__Hstrings            strings      0000
__Htext               text         0000
__Labs1               abs1         0000
__Lbank0              bank0        0000
__Lbank1              bank1        0000
__Lbank2              bank2        0000
__Lbank3              bank3        0000
__LbssBANK0           bssBANK0     0000
__LbssCOMMON          bssCOMMON    0000
__Lcinit              cinit        0000
__Lclrtext            clrtext      0000
__Lcode               code         0000
__Lcommon             common       0000
__Lconfig             config       2007
__LcstackBANK0        cstackBANK0  0000
__LcstackCOMMON       cstackCOMMON 0000
__LdataBANK0          dataBANK0    0000
__Leeprom_data        eeprom_data  0000
__Lend_init           end_init     0012
__Lfunctab            functab      0000
__LidataBANK0         idataBANK0   0000
__Lidloc              idloc        0000
__Linit               init         0012
__Linittext           inittext     0000
__Lintentry           intentry     0004
__Lmaintext           maintext     0000
__Lpowerup            powerup      0000
__Lram                ram          0000
__Lreset_vec          reset_vec    0000
__Lsfr0               sfr0         0000
__Lsfr1               sfr1         0000
__Lsfr2               sfr2         0000
__Lsfr3               sfr3         0000
__Lstrings            strings      0000
__Ltext               text         0000
__S0                  (abs)        2008
__S1                  (abs)        007E
__S2                  (abs)        0000
__end_of_init         text175      0315
__end_of_initTMR2     text174      0308
__end_of_initUART     text173      02E8
__end_of_isr          text176      01D4
__end_of_main         maintext     02AE
__pbssBANK0           bssBANK0     0020
__pbssCOMMON          bssCOMMON    0078
__pcstackBANK0        cstackBANK0  002A
__pcstackCOMMON       cstackCOMMON 0070
__pdataBANK0          dataBANK0    0034
__pidataBANK0         idataBANK0   0315
__pintentry           intentry     0004
__pmaintext           maintext     01D4
__ptext173            text173      02D0
__ptext174            text174      02FB
__ptext175            text175      0308
__ptext176            text176      0015
__ptext177            text177      0000
__size_of_init        (abs)        0000
__size_of_initTMR2    (abs)        0000
__size_of_initUART    (abs)        0000
__size_of_isr         (abs)        0000
__size_of_main        (abs)        0000
_display              bssCOMMON    0078
_exit                 init         0012
_init                 text175      0308
_initTMR2             text174      02FB
_initUART             text173      02D0
_isr                  text176      0015
_main                 maintext     01D4
_nRBPU                (abs)        040F
_rx                   bssBANK0     0020
_rxCount              bssBANK0     0026
_scoreA0              bssCOMMON    0079
_scoreA1              bssCOMMON    007A
_scoreA2              bssCOMMON    007B
_scoreA3              bssBANK0     0027
_scoreB0              bssCOMMON    007C
_scoreB1              bssCOMMON    007D
_scoreB2              bssBANK0     0028
_scoreB3              bssBANK0     0029
btemp                 (abs)        007E
end_of_initialization cinit        02CC
init_fetch            inittext     02E8
init_ram              inittext     02EC
interrupt_function    intentry     0004
intlevel0             functab      0000
intlevel1             functab      0000
intlevel2             functab      0000
intlevel3             functab      0000
intlevel4             functab      0000
intlevel5             functab      0000
isr@temp              cstackCOMMON 0076
isr@temp_2657         cstackCOMMON 0077
main@F1010            dataBANK0    0034
main@i                cstackBANK0  0033
main@rxOld            dataBANK0    003A
main@string           cstackBANK0  002B
main@teste            cstackBANK0  0031
reset_vec             reset_vec    0000
saved_w               (abs)        007E
start                 init         0012
start_initialization  cinit        02AE
wtemp0                (abs)        007E
